usage: sweep_depth_activation.py [-h] [--hidden-activation {relu,identity}]
                                 [--a3-method {absmax,mean_threshold}]
                                 [--a3-threshold-factor A3_THRESHOLD_FACTOR]
                                 [--activation-precision {a32,a16,a8,a4,a3}]
                                 [--pool-size POOL_SIZE]
                                 [--pool-shape HEIGHT WIDTH]
                                 [--expected-params EXPECTED_PARAMS]
                                 [--hidden-sizes HIDDEN_SIZES [HIDDEN_SIZES ...]]
                                 [--loss-diagnostics | --no-loss-diagnostics]
                                 [--layer-diagnostics | --no-layer-diagnostics]
                                 [--hidden-size HIDDEN_SIZE] [--steps STEPS]
                                 [--batch-size BATCH_SIZE]
                                 [--block-size BLOCK_SIZE]
                                 [--measurements MEASUREMENTS]
                                 [--threshold THRESHOLD]
                                 [--max-fires MAX_FIRES]
                                 [--counter-bits {8,16}] [--leak LEAK]
                                 [--scale SCALE] [--scale-ema SCALE_EMA]
                                 [--min-scale MIN_SCALE]
                                 [--zero-rate ZERO_RATE] [--gain GAIN]
                                 [--train-size TRAIN_SIZE]
                                 [--val-size VAL_SIZE] [--test-size TEST_SIZE]
                                 [--eval-every EVAL_EVERY]
                                 [--oracle-every ORACLE_EVERY]
                                 [--oracle-size ORACLE_SIZE]
                                 [--tie-tolerance TIE_TOLERANCE]
                                 [--data-seed DATA_SEED]
                                 [--batch-seed BATCH_SEED] [--seed SEED]
                                 [--device {cpu,cuda}] [--threads THREADS]
                                 [--data-dir DATA_DIR]
                                 [--output-dir OUTPUT_DIR]
                                 [--download | --no-download]
                                 [--depths {4,8,16} [{4,8,16} ...]]
                                 [--thresholds THRESHOLDS [THRESHOLDS ...]]
                                 [--seeds SEEDS [SEEDS ...]]
                                 [--workers WORKERS] [--report-dir REPORT_DIR]
                                 [--resume]
sweep_depth_activation.py: error: mean_threshold requires activation-precision a3
