[1/36] (0, 4, 1) val=0.6310 fires=12000
[2/36] (0, 4, 8) val=0.6130 fires=10597
[3/36] (0, 4, 16) val=0.3010 fires=1604
[4/36] (0, 4, 4) val=0.5940 fires=11985
[5/36] (0, 8, 1) val=0.2880 fires=12000
[6/36] (0, 8, 16) val=0.1560 fires=1384
[7/36] (0, 16, 8) val=0.1300 fires=10586
[8/36] (0, 16, 1) val=0.1140 fires=12000
[9/36] (0, 8, 4) val=0.3290 fires=11985
[10/36] (0, 8, 8) val=0.2940 fires=10600
[11/36] (0, 16, 16) val=0.1060 fires=1343
[12/36] (0, 16, 4) val=0.1400 fires=11990
[13/36] (1, 4, 1) val=0.6530 fires=12000
[14/36] (1, 4, 16) val=0.3440 fires=1556
[15/36] (1, 4, 8) val=0.6190 fires=10592
[16/36] (1, 4, 4) val=0.6240 fires=11973
[17/36] (1, 8, 1) val=0.2610 fires=12000
[18/36] (1, 8, 4) val=0.3400 fires=11974
[19/36] (1, 8, 16) val=0.1580 fires=1399
[20/36] (1, 8, 8) val=0.3010 fires=10654
[21/36] (1, 16, 1) val=0.1280 fires=12000
[22/36] (1, 16, 4) val=0.1420 fires=11980
[23/36] (2, 4, 1) val=0.6170 fires=12000
[24/36] (2, 4, 4) val=0.6500 fires=11975
[25/36] (1, 16, 16) val=0.1060 fires=1419
[26/36] (1, 16, 8) val=0.1300 fires=10585
[27/36] (2, 4, 8) val=0.6530 fires=10545
[28/36] (2, 4, 16) val=0.3960 fires=1520
[29/36] (2, 8, 4) val=0.2890 fires=11983
[30/36] (2, 8, 1) val=0.3120 fires=12000
[31/36] (2, 8, 16) val=0.1440 fires=1398
[32/36] (2, 8, 8) val=0.3600 fires=10559
[33/36] (2, 16, 1) val=0.1460 fires=12000
[34/36] (2, 16, 4) val=0.1500 fires=11985
[35/36] (2, 16, 8) val=0.1540 fires=10604
[36/36] (2, 16, 16) val=0.0980 fires=1499
