[1/36] (0, 4, 1) val=0.4200 fires=12000
[2/36] (0, 4, 4) val=0.3980 fires=11980
[3/36] (0, 4, 8) val=0.4430 fires=10556
[4/36] (0, 4, 16) val=0.1850 fires=1436
[5/36] (0, 8, 8) val=0.1080 fires=10531
[6/36] (0, 8, 4) val=0.1130 fires=11964
[7/36] (0, 8, 16) val=0.0890 fires=1360
[8/36] (0, 16, 1) val=0.0870 fires=11992
[9/36] (0, 16, 4) val=0.0870 fires=11931
[10/36] (0, 8, 1) val=0.0970 fires=12000
[11/36] (0, 16, 8) val=0.0980 fires=10468
[12/36] (0, 16, 16) val=0.0920 fires=1324
[13/36] (1, 4, 8) val=0.4180 fires=10409
[14/36] (1, 4, 1) val=0.4560 fires=12000
[15/36] (1, 4, 16) val=0.1940 fires=1418
[16/36] (1, 4, 4) val=0.4310 fires=11984
[17/36] (1, 8, 4) val=0.1100 fires=11962
[18/36] (1, 8, 1) val=0.1040 fires=12000
[19/36] (1, 8, 8) val=0.1000 fires=10446
[20/36] (1, 8, 16) val=0.0880 fires=1357
[21/36] (1, 16, 1) val=0.1240 fires=11990
[22/36] (1, 16, 4) val=0.1240 fires=11924
[23/36] (2, 4, 1) val=0.4750 fires=12000
[24/36] (1, 16, 8) val=0.1240 fires=10203
[25/36] (2, 4, 4) val=0.4710 fires=11972
[26/36] (1, 16, 16) val=0.1280 fires=682
[27/36] (2, 4, 8) val=0.4850 fires=10520
[28/36] (2, 4, 16) val=0.2850 fires=1519
[29/36] (2, 8, 1) val=0.0980 fires=12000
[30/36] (2, 8, 8) val=0.0980 fires=10515
[31/36] (2, 8, 4) val=0.1280 fires=11962
[32/36] (2, 8, 16) val=0.1040 fires=1425
[33/36] (2, 16, 1) val=0.1130 fires=11986
[34/36] (2, 16, 4) val=0.1090 fires=11934
[35/36] (2, 16, 8) val=0.1070 fires=10388
[36/36] (2, 16, 16) val=0.1160 fires=904
