{
  "a32_unguarded_algebra_max_relative_error": 2.0909655518153158e-07,
  "cases": [
    {
      "case": "global",
      "guard_fallbacks": 128,
      "max_relative_error": 0.0,
      "loss_failures": 0,
      "vote_mismatches": 0,
      "counter_mismatches": 0,
      "fire_mismatches": 0
    },
    {
      "case": "matrix0",
      "guard_fallbacks": 128,
      "max_relative_error": 0.0,
      "loss_failures": 0,
      "vote_mismatches": 0,
      "counter_mismatches": 0,
      "fire_mismatches": 0
    },
    {
      "case": "matrix1",
      "guard_fallbacks": 128,
      "max_relative_error": 0.0,
      "loss_failures": 0,
      "vote_mismatches": 0,
      "counter_mismatches": 0,
      "fire_mismatches": 0
    },
    {
      "case": "matrix2",
      "guard_fallbacks": 128,
      "max_relative_error": 0.0,
      "loss_failures": 0,
      "vote_mismatches": 0,
      "counter_mismatches": 0,
      "fire_mismatches": 0
    },
    {
      "case": "matrix3",
      "guard_fallbacks": 128,
      "max_relative_error": 0.0,
      "loss_failures": 0,
      "vote_mismatches": 0,
      "counter_mismatches": 0,
      "fire_mismatches": 0
    },
    {
      "case": "matrix4",
      "guard_fallbacks": 128,
      "max_relative_error": 0.0,
      "loss_failures": 0,
      "vote_mismatches": 0,
      "counter_mismatches": 0,
      "fire_mismatches": 0
    },
    {
      "case": "matrix5",
      "guard_fallbacks": 128,
      "max_relative_error": 0.0,
      "loss_failures": 0,
      "vote_mismatches": 0,
      "counter_mismatches": 0,
      "fire_mismatches": 0
    },
    {
      "case": "matrix6",
      "guard_fallbacks": 128,
      "max_relative_error": 0.0,
      "loss_failures": 0,
      "vote_mismatches": 0,
      "counter_mismatches": 0,
      "fire_mismatches": 0
    },
    {
      "case": "matrix7",
      "guard_fallbacks": 128,
      "max_relative_error": 0.0,
      "loss_failures": 0,
      "vote_mismatches": 0,
      "counter_mismatches": 0,
      "fire_mismatches": 0
    },
    {
      "case": "matrix8",
      "guard_fallbacks": 128,
      "max_relative_error": 0.0,
      "loss_failures": 0,
      "vote_mismatches": 0,
      "counter_mismatches": 0,
      "fire_mismatches": 0
    },
    {
      "case": "matrix9",
      "guard_fallbacks": 128,
      "max_relative_error": 0.0,
      "loss_failures": 0,
      "vote_mismatches": 0,
      "counter_mismatches": 0,
      "fire_mismatches": 0
    },
    {
      "case": "matrix10",
      "guard_fallbacks": 128,
      "max_relative_error": 0.0,
      "loss_failures": 0,
      "vote_mismatches": 0,
      "counter_mismatches": 0,
      "fire_mismatches": 0
    },
    {
      "case": "matrix11",
      "guard_fallbacks": 128,
      "max_relative_error": 0.0,
      "loss_failures": 0,
      "vote_mismatches": 0,
      "counter_mismatches": 0,
      "fire_mismatches": 0
    },
    {
      "case": "matrix12",
      "guard_fallbacks": 128,
      "max_relative_error": 0.0,
      "loss_failures": 0,
      "vote_mismatches": 0,
      "counter_mismatches": 0,
      "fire_mismatches": 0
    },
    {
      "case": "matrix13",
      "guard_fallbacks": 128,
      "max_relative_error": 0.0,
      "loss_failures": 0,
      "vote_mismatches": 0,
      "counter_mismatches": 0,
      "fire_mismatches": 0
    },
    {
      "case": "matrix14",
      "guard_fallbacks": 128,
      "max_relative_error": 0.0,
      "loss_failures": 0,
      "vote_mismatches": 0,
      "counter_mismatches": 0,
      "fire_mismatches": 0
    },
    {
      "case": "matrix15",
      "guard_fallbacks": 128,
      "max_relative_error": 0.0,
      "loss_failures": 0,
      "vote_mismatches": 0,
      "counter_mismatches": 0,
      "fire_mismatches": 0
    },
    {
      "case": "matrix16",
      "guard_fallbacks": 128,
      "max_relative_error": 0.0,
      "loss_failures": 0,
      "vote_mismatches": 0,
      "counter_mismatches": 0,
      "fire_mismatches": 0
    },
    {
      "case": "matrix17",
      "guard_fallbacks": 0,
      "max_relative_error": 1.7719258949000505e-07,
      "loss_failures": 0,
      "vote_mismatches": 0,
      "counter_mismatches": 0,
      "fire_mismatches": 0
    },
    {
      "case": "same_output_row",
      "guard_fallbacks": 128,
      "max_relative_error": 0.0,
      "loss_failures": 0,
      "vote_mismatches": 0,
      "counter_mismatches": 0,
      "fire_mismatches": 0
    }
  ],
  "max_relative_error": 1.7719258949000505e-07,
  "rng_equal": true,
  "real_epoch_proposal_equal": true,
  "real_epoch_scale_absolute_difference": 0.0,
  "passed": true
}
