{"seed": 0, "epoch": 1, "train_loss": 1.1862890162467956, "train_accuracy": 0.5872, "val_loss": 0.664428955078125, "val_accuracy": 0.784, "lr": 0.001, "selected_best": true, "elapsed_seconds": 0.3149008974432945}
{"seed": 0, "epoch": 2, "train_loss": 0.4223782633304596, "train_accuracy": 0.8694, "val_loss": 0.4031171569824219, "val_accuracy": 0.878, "lr": 0.001, "selected_best": true, "elapsed_seconds": 0.46449288353323936}
{"seed": 0, "epoch": 3, "train_loss": 0.31888167400360107, "train_accuracy": 0.9033, "val_loss": 0.3267607421875, "val_accuracy": 0.912, "lr": 0.001, "selected_best": true, "elapsed_seconds": 0.6136688068509102}
{"seed": 0, "epoch": 4, "train_loss": 0.2429016484260559, "train_accuracy": 0.9283, "val_loss": 0.26910626220703127, "val_accuracy": 0.923, "lr": 0.001, "selected_best": true, "elapsed_seconds": 0.7624533288180828}
{"seed": 0, "epoch": 5, "train_loss": 0.1953917589187622, "train_accuracy": 0.9415, "val_loss": 0.27081427001953123, "val_accuracy": 0.92, "lr": 0.001, "selected_best": false, "elapsed_seconds": 0.9100073203444481}
{"seed": 0, "epoch": 6, "train_loss": 0.17071524052619935, "train_accuracy": 0.9471, "val_loss": 0.2747504272460938, "val_accuracy": 0.916, "lr": 0.001, "selected_best": false, "elapsed_seconds": 1.0571140199899673}
{"seed": 0, "epoch": 7, "train_loss": 0.1698181451320648, "train_accuracy": 0.948, "val_loss": 0.2781632080078125, "val_accuracy": 0.924, "lr": 0.001, "selected_best": false, "elapsed_seconds": 1.204229425638914}
{"seed": 0, "epoch": 8, "train_loss": 0.1338535150051117, "train_accuracy": 0.961, "val_loss": 0.25364730834960936, "val_accuracy": 0.925, "lr": 0.001, "selected_best": true, "elapsed_seconds": 1.3520290777087212}
{"seed": 0, "epoch": 9, "train_loss": 0.13578303685188292, "train_accuracy": 0.9604, "val_loss": 0.23867605590820312, "val_accuracy": 0.941, "lr": 0.001, "selected_best": true, "elapsed_seconds": 1.500021006911993}
{"seed": 0, "epoch": 10, "train_loss": 0.12957632403969765, "train_accuracy": 0.9624, "val_loss": 0.25177479553222654, "val_accuracy": 0.926, "lr": 0.001, "selected_best": false, "elapsed_seconds": 1.6472621411085129}
{"seed": 0, "epoch": 11, "train_loss": 0.11199301160275936, "train_accuracy": 0.9658, "val_loss": 0.22874229431152343, "val_accuracy": 0.93, "lr": 0.001, "selected_best": true, "elapsed_seconds": 1.7950657978653908}
{"seed": 0, "epoch": 12, "train_loss": 0.09955383069515228, "train_accuracy": 0.9689, "val_loss": 0.2094254913330078, "val_accuracy": 0.944, "lr": 0.001, "selected_best": true, "elapsed_seconds": 1.9428256414830685}
{"seed": 0, "epoch": 13, "train_loss": 0.10078368746042252, "train_accuracy": 0.9703, "val_loss": 0.2535032653808594, "val_accuracy": 0.929, "lr": 0.001, "selected_best": false, "elapsed_seconds": 2.089453473687172}
{"seed": 0, "epoch": 14, "train_loss": 0.10404313674867154, "train_accuracy": 0.9683, "val_loss": 0.238364501953125, "val_accuracy": 0.94, "lr": 0.001, "selected_best": false, "elapsed_seconds": 2.2361596152186394}
{"seed": 0, "epoch": 15, "train_loss": 0.07678808633089065, "train_accuracy": 0.9761, "val_loss": 0.19198719787597657, "val_accuracy": 0.949, "lr": 0.001, "selected_best": true, "elapsed_seconds": 2.3841877542436123}
{"seed": 0, "epoch": 16, "train_loss": 0.06625431727170944, "train_accuracy": 0.9796, "val_loss": 0.25204776000976564, "val_accuracy": 0.938, "lr": 0.001, "selected_best": false, "elapsed_seconds": 2.5315496176481247}
{"seed": 0, "epoch": 17, "train_loss": 0.07207543736249208, "train_accuracy": 0.9774, "val_loss": 0.20487713623046874, "val_accuracy": 0.948, "lr": 0.001, "selected_best": false, "elapsed_seconds": 2.6777458302676678}
{"seed": 0, "epoch": 18, "train_loss": 0.05170710729341954, "train_accuracy": 0.9848, "val_loss": 0.2234121856689453, "val_accuracy": 0.94, "lr": 0.001, "selected_best": false, "elapsed_seconds": 2.8240605369210243}
{"seed": 0, "epoch": 19, "train_loss": 0.04548334817290306, "train_accuracy": 0.9858, "val_loss": 0.22025790405273438, "val_accuracy": 0.944, "lr": 0.001, "selected_best": false, "elapsed_seconds": 2.970297008752823}
{"seed": 0, "epoch": 20, "train_loss": 0.06847447397708893, "train_accuracy": 0.9792, "val_loss": 0.24528359985351564, "val_accuracy": 0.939, "lr": 0.001, "selected_best": false, "elapsed_seconds": 3.116575539112091}
{"seed": 0, "epoch": 21, "train_loss": 0.05602854450941086, "train_accuracy": 0.9836, "val_loss": 0.22035713195800782, "val_accuracy": 0.942, "lr": 0.001, "selected_best": false, "elapsed_seconds": 3.2627852521836758}
{"seed": 0, "epoch": 22, "train_loss": 0.03165418626964092, "train_accuracy": 0.9908, "val_loss": 0.2116756134033203, "val_accuracy": 0.946, "lr": 0.0005, "selected_best": false, "elapsed_seconds": 3.4090122543275356}
{"seed": 0, "epoch": 23, "train_loss": 0.014308411521837115, "train_accuracy": 0.9959, "val_loss": 0.22387640380859375, "val_accuracy": 0.949, "lr": 0.0005, "selected_best": false, "elapsed_seconds": 3.5552194975316525}
{"seed": 0, "epoch": 24, "train_loss": 0.009814685699343682, "train_accuracy": 0.9972, "val_loss": 0.21302012634277342, "val_accuracy": 0.953, "lr": 0.0005, "selected_best": false, "elapsed_seconds": 3.701190635561943}
{"seed": 0, "epoch": 25, "train_loss": 0.0072012519290670755, "train_accuracy": 0.9981, "val_loss": 0.23241447448730468, "val_accuracy": 0.952, "lr": 0.0005, "selected_best": false, "elapsed_seconds": 3.8473313823342323}
{"seed": 0, "epoch": 26, "train_loss": 0.005599202466476709, "train_accuracy": 0.9985, "val_loss": 0.2553576507568359, "val_accuracy": 0.952, "lr": 0.0005, "selected_best": false, "elapsed_seconds": 3.9935536310076714}
{"seed": 0, "epoch": 27, "train_loss": 0.010997147730365395, "train_accuracy": 0.9964, "val_loss": 0.23462324523925782, "val_accuracy": 0.956, "lr": 0.0005, "selected_best": false, "elapsed_seconds": 4.139903198927641}
{"seed": 0, "epoch": 28, "train_loss": 0.008827732275798916, "train_accuracy": 0.9976, "val_loss": 0.21750489807128906, "val_accuracy": 0.957, "lr": 0.00025, "selected_best": false, "elapsed_seconds": 4.286045804619789}
{"seed": 0, "epoch": 29, "train_loss": 0.00478177647581324, "train_accuracy": 0.9986, "val_loss": 0.24017332458496093, "val_accuracy": 0.956, "lr": 0.00025, "selected_best": false, "elapsed_seconds": 4.432184800505638}
{"seed": 0, "epoch": 30, "train_loss": 0.003346431012119865, "train_accuracy": 0.9993, "val_loss": 0.23614105224609375, "val_accuracy": 0.957, "lr": 0.00025, "selected_best": false, "elapsed_seconds": 4.578518807888031}
{"seed": 0, "epoch": 31, "train_loss": 0.002864151415968081, "train_accuracy": 0.9993, "val_loss": 0.25233721923828123, "val_accuracy": 0.957, "lr": 0.00025, "selected_best": false, "elapsed_seconds": 4.72483017295599}
{"seed": 0, "epoch": 32, "train_loss": 0.0025291620735311882, "train_accuracy": 0.9993, "val_loss": 0.24776837158203124, "val_accuracy": 0.957, "lr": 0.00025, "selected_best": false, "elapsed_seconds": 4.8709649331867695}
{"seed": 0, "epoch": 33, "train_loss": 0.0022902240477502347, "train_accuracy": 0.9993, "val_loss": 0.2582607421875, "val_accuracy": 0.958, "lr": 0.00025, "selected_best": false, "elapsed_seconds": 5.017302222549915}
{"seed": 0, "epoch": 34, "train_loss": 0.002107622915090178, "train_accuracy": 0.9993, "val_loss": 0.25713214111328125, "val_accuracy": 0.958, "lr": 0.000125, "selected_best": false, "elapsed_seconds": 5.163619831204414}
{"seed": 0, "epoch": 35, "train_loss": 0.0019162877197377384, "train_accuracy": 0.9994, "val_loss": 0.25814410400390625, "val_accuracy": 0.959, "lr": 0.000125, "selected_best": false, "elapsed_seconds": 5.30996099114418}
{"seed": 0, "evaluation": "fp32", "split": "validation", "loss": 0.19198719787597657, "accuracy": 0.949}
{"seed": 0, "evaluation": "single_hidden_01", "split": "validation", "loss": 1.129923095703125, "accuracy": 0.694}
{"seed": 0, "evaluation": "single_hidden_02", "split": "validation", "loss": 0.787416748046875, "accuracy": 0.777}
{"seed": 0, "evaluation": "single_hidden_03", "split": "validation", "loss": 0.801172119140625, "accuracy": 0.771}
{"seed": 0, "evaluation": "single_hidden_04", "split": "validation", "loss": 0.4997738952636719, "accuracy": 0.84}
{"seed": 0, "evaluation": "single_hidden_05", "split": "validation", "loss": 0.5480005493164063, "accuracy": 0.838}
{"seed": 0, "evaluation": "single_hidden_06", "split": "validation", "loss": 0.4400308532714844, "accuracy": 0.879}
{"seed": 0, "evaluation": "single_hidden_07", "split": "validation", "loss": 0.25641091918945313, "accuracy": 0.921}
{"seed": 0, "evaluation": "single_hidden_08", "split": "validation", "loss": 0.31005303955078123, "accuracy": 0.893}
{"seed": 0, "evaluation": "single_hidden_09", "split": "validation", "loss": 0.28437884521484375, "accuracy": 0.919}
{"seed": 0, "evaluation": "single_hidden_10", "split": "validation", "loss": 0.22039833068847656, "accuracy": 0.944}
{"seed": 0, "evaluation": "single_hidden_11", "split": "validation", "loss": 0.21913697814941407, "accuracy": 0.939}
{"seed": 0, "evaluation": "single_hidden_12", "split": "validation", "loss": 0.26487152099609373, "accuracy": 0.923}
{"seed": 0, "evaluation": "single_hidden_13", "split": "validation", "loss": 0.2547409973144531, "accuracy": 0.92}
{"seed": 0, "evaluation": "single_hidden_14", "split": "validation", "loss": 0.2536617889404297, "accuracy": 0.935}
{"seed": 0, "evaluation": "single_hidden_15", "split": "validation", "loss": 0.22614830017089843, "accuracy": 0.946}
{"seed": 0, "evaluation": "prefix_hidden_01", "split": "validation", "loss": 1.129923095703125, "accuracy": 0.694}
{"seed": 0, "evaluation": "prefix_hidden_02", "split": "validation", "loss": 1.735901611328125, "accuracy": 0.52}
{"seed": 0, "evaluation": "prefix_hidden_03", "split": "validation", "loss": 2.31287939453125, "accuracy": 0.335}
{"seed": 0, "evaluation": "prefix_hidden_04", "split": "validation", "loss": 2.26377783203125, "accuracy": 0.29}
{"seed": 0, "evaluation": "prefix_hidden_05", "split": "validation", "loss": 2.30659765625, "accuracy": 0.234}
{"seed": 0, "evaluation": "prefix_hidden_06", "split": "validation", "loss": 2.422034912109375, "accuracy": 0.175}
{"seed": 0, "evaluation": "prefix_hidden_07", "split": "validation", "loss": 2.30410595703125, "accuracy": 0.173}
{"seed": 0, "evaluation": "prefix_hidden_08", "split": "validation", "loss": 2.297682861328125, "accuracy": 0.15}
{"seed": 0, "evaluation": "prefix_hidden_09", "split": "validation", "loss": 2.305288330078125, "accuracy": 0.129}
{"seed": 0, "evaluation": "prefix_hidden_10", "split": "validation", "loss": 2.290661376953125, "accuracy": 0.127}
{"seed": 0, "evaluation": "prefix_hidden_11", "split": "validation", "loss": 2.294692138671875, "accuracy": 0.115}
{"seed": 0, "evaluation": "prefix_hidden_12", "split": "validation", "loss": 2.28964013671875, "accuracy": 0.119}
{"seed": 0, "evaluation": "prefix_hidden_13", "split": "validation", "loss": 2.298785888671875, "accuracy": 0.109}
{"seed": 0, "evaluation": "prefix_hidden_14", "split": "validation", "loss": 2.303340087890625, "accuracy": 0.121}
{"seed": 0, "evaluation": "prefix_hidden_15", "split": "validation", "loss": 2.302960693359375, "accuracy": 0.116}
{"seed": 0, "evaluation": "input_only", "split": "validation", "loss": 0.868613525390625, "accuracy": 0.792}
{"seed": 0, "evaluation": "all_linear_inputs", "split": "validation", "loss": 2.303657470703125, "accuracy": 0.106}
{"seed": 0, "evaluation": "fp32", "split": "test", "loss": 0.22540433654785155, "accuracy": 0.9446}
{"seed": 0, "evaluation": "single_hidden_01", "split": "test", "loss": 1.052957843017578, "accuracy": 0.7096}
{"seed": 0, "evaluation": "single_hidden_02", "split": "test", "loss": 0.8550803283691406, "accuracy": 0.7679}
{"seed": 0, "evaluation": "single_hidden_03", "split": "test", "loss": 0.8205349853515626, "accuracy": 0.7628}
{"seed": 0, "evaluation": "single_hidden_04", "split": "test", "loss": 0.49779498596191407, "accuracy": 0.8473}
{"seed": 0, "evaluation": "single_hidden_05", "split": "test", "loss": 0.5278906524658203, "accuracy": 0.8462}
{"seed": 0, "evaluation": "single_hidden_06", "split": "test", "loss": 0.46069202575683593, "accuracy": 0.8634}
{"seed": 0, "evaluation": "single_hidden_07", "split": "test", "loss": 0.30638822479248046, "accuracy": 0.911}
{"seed": 0, "evaluation": "single_hidden_08", "split": "test", "loss": 0.34729508972167966, "accuracy": 0.8896}
{"seed": 0, "evaluation": "single_hidden_09", "split": "test", "loss": 0.3099635589599609, "accuracy": 0.9097}
{"seed": 0, "evaluation": "single_hidden_10", "split": "test", "loss": 0.24254435272216796, "accuracy": 0.938}
{"seed": 0, "evaluation": "single_hidden_11", "split": "test", "loss": 0.24930337524414062, "accuracy": 0.9352}
{"seed": 0, "evaluation": "single_hidden_12", "split": "test", "loss": 0.2761368469238281, "accuracy": 0.9215}
{"seed": 0, "evaluation": "single_hidden_13", "split": "test", "loss": 0.2580595336914063, "accuracy": 0.9253}
{"seed": 0, "evaluation": "single_hidden_14", "split": "test", "loss": 0.2764874008178711, "accuracy": 0.9293}
{"seed": 0, "evaluation": "single_hidden_15", "split": "test", "loss": 0.2542716781616211, "accuracy": 0.941}
{"seed": 0, "evaluation": "prefix_hidden_01", "split": "test", "loss": 1.052957843017578, "accuracy": 0.7096}
{"seed": 0, "evaluation": "prefix_hidden_02", "split": "test", "loss": 1.726418701171875, "accuracy": 0.5268}
{"seed": 0, "evaluation": "prefix_hidden_03", "split": "test", "loss": 2.3488762573242186, "accuracy": 0.344}
{"seed": 0, "evaluation": "prefix_hidden_04", "split": "test", "loss": 2.3317370361328127, "accuracy": 0.2774}
{"seed": 0, "evaluation": "prefix_hidden_05", "split": "test", "loss": 2.2863395874023436, "accuracy": 0.2361}
{"seed": 0, "evaluation": "prefix_hidden_06", "split": "test", "loss": 2.3987407958984375, "accuracy": 0.173}
{"seed": 0, "evaluation": "prefix_hidden_07", "split": "test", "loss": 2.2950093994140626, "accuracy": 0.1685}
{"seed": 0, "evaluation": "prefix_hidden_08", "split": "test", "loss": 2.2858640258789062, "accuracy": 0.1511}
{"seed": 0, "evaluation": "prefix_hidden_09", "split": "test", "loss": 2.29982041015625, "accuracy": 0.127}
{"seed": 0, "evaluation": "prefix_hidden_10", "split": "test", "loss": 2.2944938720703125, "accuracy": 0.1236}
{"seed": 0, "evaluation": "prefix_hidden_11", "split": "test", "loss": 2.300453662109375, "accuracy": 0.1172}
{"seed": 0, "evaluation": "prefix_hidden_12", "split": "test", "loss": 2.2955316162109374, "accuracy": 0.121}
{"seed": 0, "evaluation": "prefix_hidden_13", "split": "test", "loss": 2.3052633056640626, "accuracy": 0.1074}
{"seed": 0, "evaluation": "prefix_hidden_14", "split": "test", "loss": 2.306539489746094, "accuracy": 0.109}
{"seed": 0, "evaluation": "prefix_hidden_15", "split": "test", "loss": 2.306278747558594, "accuracy": 0.1085}
{"seed": 0, "evaluation": "input_only", "split": "test", "loss": 0.8352444763183594, "accuracy": 0.7922}
{"seed": 0, "evaluation": "all_linear_inputs", "split": "test", "loss": 2.3057892822265624, "accuracy": 0.1094}
