{"seed": 1, "epoch": 1, "train_loss": 1.2494378474235535, "train_accuracy": 0.5642, "val_loss": 0.6008843383789062, "val_accuracy": 0.811, "lr": 0.001, "selected_best": true, "elapsed_seconds": 0.305727019906044}
{"seed": 1, "epoch": 2, "train_loss": 0.43595188225507736, "train_accuracy": 0.8723, "val_loss": 0.4222283935546875, "val_accuracy": 0.877, "lr": 0.001, "selected_best": true, "elapsed_seconds": 0.45511890575289726}
{"seed": 1, "epoch": 3, "train_loss": 0.30370521659851074, "train_accuracy": 0.9077, "val_loss": 0.33214739990234377, "val_accuracy": 0.896, "lr": 0.001, "selected_best": true, "elapsed_seconds": 0.6036559902131557}
{"seed": 1, "epoch": 4, "train_loss": 0.25326477199792863, "train_accuracy": 0.9241, "val_loss": 0.3272984313964844, "val_accuracy": 0.906, "lr": 0.001, "selected_best": true, "elapsed_seconds": 0.7526049166917801}
{"seed": 1, "epoch": 5, "train_loss": 0.20420212359428405, "train_accuracy": 0.9401, "val_loss": 0.2883875732421875, "val_accuracy": 0.915, "lr": 0.001, "selected_best": true, "elapsed_seconds": 0.9009853452444077}
{"seed": 1, "epoch": 6, "train_loss": 0.16444855673909187, "train_accuracy": 0.9505, "val_loss": 0.3007274169921875, "val_accuracy": 0.917, "lr": 0.001, "selected_best": false, "elapsed_seconds": 1.0483133234083652}
{"seed": 1, "epoch": 7, "train_loss": 0.147958477807045, "train_accuracy": 0.9553, "val_loss": 0.27225308227539063, "val_accuracy": 0.924, "lr": 0.001, "selected_best": true, "elapsed_seconds": 1.1963484436273575}
{"seed": 1, "epoch": 8, "train_loss": 0.14711629540920257, "train_accuracy": 0.9544, "val_loss": 0.29125286865234373, "val_accuracy": 0.914, "lr": 0.001, "selected_best": false, "elapsed_seconds": 1.3436872139573097}
{"seed": 1, "epoch": 9, "train_loss": 0.1234480970621109, "train_accuracy": 0.9615, "val_loss": 0.2689627075195313, "val_accuracy": 0.932, "lr": 0.001, "selected_best": true, "elapsed_seconds": 1.4917029663920403}
{"seed": 1, "epoch": 10, "train_loss": 0.1092372002363205, "train_accuracy": 0.9659, "val_loss": 0.29218966674804686, "val_accuracy": 0.93, "lr": 0.001, "selected_best": false, "elapsed_seconds": 1.6389076225459576}
{"seed": 1, "epoch": 11, "train_loss": 0.13959603371322155, "train_accuracy": 0.9573, "val_loss": 0.306356689453125, "val_accuracy": 0.927, "lr": 0.001, "selected_best": false, "elapsed_seconds": 1.7858023196458817}
{"seed": 1, "epoch": 12, "train_loss": 0.09457773679494857, "train_accuracy": 0.9713, "val_loss": 0.3010037841796875, "val_accuracy": 0.93, "lr": 0.001, "selected_best": false, "elapsed_seconds": 1.9327865168452263}
{"seed": 1, "epoch": 13, "train_loss": 0.09032457023859024, "train_accuracy": 0.9738, "val_loss": 0.3140384216308594, "val_accuracy": 0.925, "lr": 0.001, "selected_best": false, "elapsed_seconds": 2.079485807567835}
{"seed": 1, "epoch": 14, "train_loss": 0.07916440923213959, "train_accuracy": 0.9759, "val_loss": 0.3159292602539063, "val_accuracy": 0.927, "lr": 0.001, "selected_best": false, "elapsed_seconds": 2.226160366088152}
{"seed": 1, "epoch": 15, "train_loss": 0.0800092736005783, "train_accuracy": 0.9752, "val_loss": 0.3243716735839844, "val_accuracy": 0.935, "lr": 0.001, "selected_best": false, "elapsed_seconds": 2.3727733828127384}
{"seed": 1, "epoch": 16, "train_loss": 0.04529583411663771, "train_accuracy": 0.9857, "val_loss": 0.2691819763183594, "val_accuracy": 0.944, "lr": 0.0005, "selected_best": false, "elapsed_seconds": 2.5193529054522514}
{"seed": 1, "epoch": 17, "train_loss": 0.027587653240188956, "train_accuracy": 0.9918, "val_loss": 0.30661611938476563, "val_accuracy": 0.941, "lr": 0.0005, "selected_best": false, "elapsed_seconds": 2.665720198303461}
{"seed": 1, "epoch": 18, "train_loss": 0.02307933605015278, "train_accuracy": 0.9933, "val_loss": 0.314001953125, "val_accuracy": 0.935, "lr": 0.0005, "selected_best": false, "elapsed_seconds": 2.8121405094861984}
{"seed": 1, "epoch": 19, "train_loss": 0.025037597286701203, "train_accuracy": 0.9922, "val_loss": 0.31566189575195314, "val_accuracy": 0.949, "lr": 0.0005, "selected_best": false, "elapsed_seconds": 2.9584926776587963}
{"seed": 1, "epoch": 20, "train_loss": 0.018812644929997624, "train_accuracy": 0.9955, "val_loss": 0.35828561401367187, "val_accuracy": 0.936, "lr": 0.0005, "selected_best": false, "elapsed_seconds": 3.105236902832985}
{"seed": 1, "epoch": 21, "train_loss": 0.023479043124616145, "train_accuracy": 0.9935, "val_loss": 0.33820950317382814, "val_accuracy": 0.943, "lr": 0.0005, "selected_best": false, "elapsed_seconds": 3.2518045008182526}
{"seed": 1, "epoch": 22, "train_loss": 0.013517165260203183, "train_accuracy": 0.9959, "val_loss": 0.32695211791992185, "val_accuracy": 0.946, "lr": 0.00025, "selected_best": false, "elapsed_seconds": 3.398343961685896}
{"seed": 1, "epoch": 23, "train_loss": 0.0076535993793979285, "train_accuracy": 0.9983, "val_loss": 0.349923583984375, "val_accuracy": 0.943, "lr": 0.00025, "selected_best": false, "elapsed_seconds": 3.5447407104074955}
{"seed": 1, "epoch": 24, "train_loss": 0.0059093449130654336, "train_accuracy": 0.9987, "val_loss": 0.34671334838867185, "val_accuracy": 0.947, "lr": 0.00025, "selected_best": false, "elapsed_seconds": 3.6911294125020504}
{"seed": 1, "epoch": 25, "train_loss": 0.005486280154623091, "train_accuracy": 0.9987, "val_loss": 0.35501971435546875, "val_accuracy": 0.944, "lr": 0.00025, "selected_best": false, "elapsed_seconds": 3.8377684876322746}
{"seed": 1, "epoch": 26, "train_loss": 0.004829038542276248, "train_accuracy": 0.9989, "val_loss": 0.3678550109863281, "val_accuracy": 0.946, "lr": 0.00025, "selected_best": false, "elapsed_seconds": 3.990784388035536}
{"seed": 1, "epoch": 27, "train_loss": 0.0040251985283452085, "train_accuracy": 0.999, "val_loss": 0.3738277587890625, "val_accuracy": 0.945, "lr": 0.00025, "selected_best": false, "elapsed_seconds": 4.15148650854826}
{"seed": 1, "epoch": 28, "train_loss": 0.0032735429907770593, "train_accuracy": 0.9993, "val_loss": 0.3757988586425781, "val_accuracy": 0.944, "lr": 0.000125, "selected_best": false, "elapsed_seconds": 4.301043476909399}
{"seed": 1, "epoch": 29, "train_loss": 0.0028329101826995613, "train_accuracy": 0.9995, "val_loss": 0.3831019287109375, "val_accuracy": 0.944, "lr": 0.000125, "selected_best": false, "elapsed_seconds": 4.447754118591547}
{"seed": 1, "epoch": 30, "train_loss": 0.002577869118959643, "train_accuracy": 0.9996, "val_loss": 0.39216522216796873, "val_accuracy": 0.942, "lr": 0.000125, "selected_best": false, "elapsed_seconds": 4.594135537743568}
{"seed": 1, "evaluation": "fp32", "split": "validation", "loss": 0.2689627075195313, "accuracy": 0.932}
{"seed": 1, "evaluation": "single_hidden_01", "split": "validation", "loss": 0.9517200317382812, "accuracy": 0.736}
{"seed": 1, "evaluation": "single_hidden_02", "split": "validation", "loss": 1.0198340454101562, "accuracy": 0.732}
{"seed": 1, "evaluation": "single_hidden_03", "split": "validation", "loss": 0.917689697265625, "accuracy": 0.729}
{"seed": 1, "evaluation": "single_hidden_04", "split": "validation", "loss": 0.882329833984375, "accuracy": 0.764}
{"seed": 1, "evaluation": "single_hidden_05", "split": "validation", "loss": 0.5645095825195312, "accuracy": 0.842}
{"seed": 1, "evaluation": "single_hidden_06", "split": "validation", "loss": 0.4116063232421875, "accuracy": 0.867}
{"seed": 1, "evaluation": "single_hidden_07", "split": "validation", "loss": 0.4990105285644531, "accuracy": 0.843}
{"seed": 1, "evaluation": "single_hidden_08", "split": "validation", "loss": 0.3191994323730469, "accuracy": 0.915}
{"seed": 1, "evaluation": "single_hidden_09", "split": "validation", "loss": 0.4377635498046875, "accuracy": 0.873}
{"seed": 1, "evaluation": "single_hidden_10", "split": "validation", "loss": 0.5674959716796875, "accuracy": 0.822}
{"seed": 1, "evaluation": "single_hidden_11", "split": "validation", "loss": 0.3659958801269531, "accuracy": 0.892}
{"seed": 1, "evaluation": "single_hidden_12", "split": "validation", "loss": 0.3491589660644531, "accuracy": 0.908}
{"seed": 1, "evaluation": "single_hidden_13", "split": "validation", "loss": 0.39166009521484374, "accuracy": 0.879}
{"seed": 1, "evaluation": "single_hidden_14", "split": "validation", "loss": 0.40713055419921873, "accuracy": 0.88}
{"seed": 1, "evaluation": "single_hidden_15", "split": "validation", "loss": 0.622716064453125, "accuracy": 0.756}
{"seed": 1, "evaluation": "prefix_hidden_01", "split": "validation", "loss": 0.9517200317382812, "accuracy": 0.736}
{"seed": 1, "evaluation": "prefix_hidden_02", "split": "validation", "loss": 1.939399169921875, "accuracy": 0.475}
{"seed": 1, "evaluation": "prefix_hidden_03", "split": "validation", "loss": 2.428443359375, "accuracy": 0.279}
{"seed": 1, "evaluation": "prefix_hidden_04", "split": "validation", "loss": 2.615171875, "accuracy": 0.208}
{"seed": 1, "evaluation": "prefix_hidden_05", "split": "validation", "loss": 2.4644892578125, "accuracy": 0.202}
{"seed": 1, "evaluation": "prefix_hidden_06", "split": "validation", "loss": 2.49375048828125, "accuracy": 0.166}
{"seed": 1, "evaluation": "prefix_hidden_07", "split": "validation", "loss": 2.404019287109375, "accuracy": 0.151}
{"seed": 1, "evaluation": "prefix_hidden_08", "split": "validation", "loss": 2.377529296875, "accuracy": 0.168}
{"seed": 1, "evaluation": "prefix_hidden_09", "split": "validation", "loss": 2.362706787109375, "accuracy": 0.13}
{"seed": 1, "evaluation": "prefix_hidden_10", "split": "validation", "loss": 2.34578271484375, "accuracy": 0.14}
{"seed": 1, "evaluation": "prefix_hidden_11", "split": "validation", "loss": 2.314456787109375, "accuracy": 0.117}
{"seed": 1, "evaluation": "prefix_hidden_12", "split": "validation", "loss": 2.3167861328125, "accuracy": 0.103}
{"seed": 1, "evaluation": "prefix_hidden_13", "split": "validation", "loss": 2.30687109375, "accuracy": 0.105}
{"seed": 1, "evaluation": "prefix_hidden_14", "split": "validation", "loss": 2.306357177734375, "accuracy": 0.102}
{"seed": 1, "evaluation": "prefix_hidden_15", "split": "validation", "loss": 2.305654541015625, "accuracy": 0.096}
{"seed": 1, "evaluation": "input_only", "split": "validation", "loss": 0.8089620361328125, "accuracy": 0.78}
{"seed": 1, "evaluation": "all_linear_inputs", "split": "validation", "loss": 2.303184326171875, "accuracy": 0.097}
{"seed": 1, "evaluation": "fp32", "split": "test", "loss": 0.26261580047607425, "accuracy": 0.9336}
{"seed": 1, "evaluation": "single_hidden_01", "split": "test", "loss": 0.8968322692871094, "accuracy": 0.7512}
{"seed": 1, "evaluation": "single_hidden_02", "split": "test", "loss": 1.0119679504394532, "accuracy": 0.7231}
{"seed": 1, "evaluation": "single_hidden_03", "split": "test", "loss": 0.8814002624511719, "accuracy": 0.752}
{"seed": 1, "evaluation": "single_hidden_04", "split": "test", "loss": 0.8255536376953125, "accuracy": 0.7677}
{"seed": 1, "evaluation": "single_hidden_05", "split": "test", "loss": 0.5345190551757812, "accuracy": 0.8566}
{"seed": 1, "evaluation": "single_hidden_06", "split": "test", "loss": 0.41781478271484374, "accuracy": 0.8679}
{"seed": 1, "evaluation": "single_hidden_07", "split": "test", "loss": 0.48333114013671874, "accuracy": 0.8463}
{"seed": 1, "evaluation": "single_hidden_08", "split": "test", "loss": 0.30078607025146487, "accuracy": 0.9155}
{"seed": 1, "evaluation": "single_hidden_09", "split": "test", "loss": 0.4336054946899414, "accuracy": 0.8806}
{"seed": 1, "evaluation": "single_hidden_10", "split": "test", "loss": 0.5017099670410157, "accuracy": 0.8458}
{"seed": 1, "evaluation": "single_hidden_11", "split": "test", "loss": 0.34565435791015625, "accuracy": 0.8996}
{"seed": 1, "evaluation": "single_hidden_12", "split": "test", "loss": 0.32220509796142577, "accuracy": 0.9104}
{"seed": 1, "evaluation": "single_hidden_13", "split": "test", "loss": 0.34478241271972654, "accuracy": 0.9021}
{"seed": 1, "evaluation": "single_hidden_14", "split": "test", "loss": 0.3840196304321289, "accuracy": 0.8862}
{"seed": 1, "evaluation": "single_hidden_15", "split": "test", "loss": 0.6112144714355469, "accuracy": 0.756}
{"seed": 1, "evaluation": "prefix_hidden_01", "split": "test", "loss": 0.8968322692871094, "accuracy": 0.7512}
{"seed": 1, "evaluation": "prefix_hidden_02", "split": "test", "loss": 1.822936474609375, "accuracy": 0.4963}
{"seed": 1, "evaluation": "prefix_hidden_03", "split": "test", "loss": 2.40742919921875, "accuracy": 0.3001}
{"seed": 1, "evaluation": "prefix_hidden_04", "split": "test", "loss": 2.6334431396484375, "accuracy": 0.2151}
{"seed": 1, "evaluation": "prefix_hidden_05", "split": "test", "loss": 2.4345229736328124, "accuracy": 0.2095}
{"seed": 1, "evaluation": "prefix_hidden_06", "split": "test", "loss": 2.505982629394531, "accuracy": 0.1645}
{"seed": 1, "evaluation": "prefix_hidden_07", "split": "test", "loss": 2.4395918212890626, "accuracy": 0.1456}
{"seed": 1, "evaluation": "prefix_hidden_08", "split": "test", "loss": 2.3974698852539063, "accuracy": 0.1399}
{"seed": 1, "evaluation": "prefix_hidden_09", "split": "test", "loss": 2.379919128417969, "accuracy": 0.1268}
{"seed": 1, "evaluation": "prefix_hidden_10", "split": "test", "loss": 2.357348291015625, "accuracy": 0.1245}
{"seed": 1, "evaluation": "prefix_hidden_11", "split": "test", "loss": 2.324970947265625, "accuracy": 0.1089}
{"seed": 1, "evaluation": "prefix_hidden_12", "split": "test", "loss": 2.3154881103515623, "accuracy": 0.1063}
{"seed": 1, "evaluation": "prefix_hidden_13", "split": "test", "loss": 2.3060710571289063, "accuracy": 0.1115}
{"seed": 1, "evaluation": "prefix_hidden_14", "split": "test", "loss": 2.3064162841796874, "accuracy": 0.0978}
{"seed": 1, "evaluation": "prefix_hidden_15", "split": "test", "loss": 2.3058889404296874, "accuracy": 0.101}
{"seed": 1, "evaluation": "input_only", "split": "test", "loss": 0.7571959289550781, "accuracy": 0.795}
{"seed": 1, "evaluation": "all_linear_inputs", "split": "test", "loss": 2.3051291748046876, "accuracy": 0.0979}
